[INFO] Scanning for projects...
[INFO] 
[INFO] -----------------< com.jobtracker:job-tracker-backend >-----------------
[INFO] Building Job Tracker Backend 1.0.0
[INFO]   from pom.xml
[INFO] --------------------------------[ jar ]---------------------------------
[INFO] 
[INFO] --- clean:3.3.2:clean (default-clean) @ job-tracker-backend ---
[INFO] Deleting C:\Users\hhars\Desktop\Job simulator\backend\target
[INFO] 
[INFO] --- resources:3.3.1:resources (default-resources) @ job-tracker-backend ---
[INFO] Copying 1 resource from src\main\resources to target\classes
[INFO] Copying 0 resource from src\main\resources to target\classes
[INFO] 
[INFO] --- compiler:3.11.0:compile (default-compile) @ job-tracker-backend ---
[INFO] Changes detected - recompiling the module! :source
[INFO] Compiling 27 source files with javac [debug release 17] to target\classes
[INFO] /C:/Users/hhars/Desktop/Job simulator/backend/src/main/java/com/jobtracker/service/AIService.java: C:\Users\hhars\Desktop\Job simulator\backend\src\main\java\com\jobtracker\service\AIService.java uses unchecked or unsafe operations.
[INFO] /C:/Users/hhars/Desktop/Job simulator/backend/src/main/java/com/jobtracker/service/AIService.java: Recompile with -Xlint:unchecked for details.
[INFO] -------------------------------------------------------------
[ERROR] COMPILATION ERROR : 
[INFO] -------------------------------------------------------------
[ERROR] /C:/Users/hhars/Desktop/Job simulator/backend/src/main/java/com/jobtracker/service/ResumeService.java:[57,15] cannot find symbol
  symbol:   method setUser(com.jobtracker.model.User)
  location: variable resume of type com.jobtracker.model.Resume
[ERROR] /C:/Users/hhars/Desktop/Job simulator/backend/src/main/java/com/jobtracker/service/ResumeService.java:[58,15] cannot find symbol
  symbol:   method setFilePath(java.lang.String)
  location: variable resume of type com.jobtracker.model.Resume
[ERROR] /C:/Users/hhars/Desktop/Job simulator/backend/src/main/java/com/jobtracker/service/ResumeService.java:[59,15] cannot find symbol
  symbol:   method setOriginalFilename(java.lang.String)
  location: variable resume of type com.jobtracker.model.Resume
[ERROR] /C:/Users/hhars/Desktop/Job simulator/backend/src/main/java/com/jobtracker/service/ResumeService.java:[67,50] cannot find symbol
  symbol:   method getId()
  location: variable user of type com.jobtracker.model.User
[ERROR] /C:/Users/hhars/Desktop/Job simulator/backend/src/main/java/com/jobtracker/service/ResumeService.java:[81,15] cannot find symbol
  symbol:   method setAnalysisResult(java.lang.String)
  location: variable resume of type com.jobtracker.model.Resume
[ERROR] /C:/Users/hhars/Desktop/Job simulator/backend/src/main/java/com/jobtracker/service/ResumeService.java:[91,23] cannot find symbol
  symbol:   method getAnalysisResult()
  location: variable resume of type com.jobtracker.model.Resume
[ERROR] /C:/Users/hhars/Desktop/Job simulator/backend/src/main/java/com/jobtracker/service/ResumeService.java:[90,23] cannot find symbol
  symbol:   method getUploadDate()
  location: variable resume of type com.jobtracker.model.Resume
[ERROR] /C:/Users/hhars/Desktop/Job simulator/backend/src/main/java/com/jobtracker/service/ResumeService.java:[89,23] cannot find symbol
  symbol:   method getOriginalFilename()
  location: variable resume of type com.jobtracker.model.Resume
[ERROR] /C:/Users/hhars/Desktop/Job simulator/backend/src/main/java/com/jobtracker/service/ResumeService.java:[88,23] cannot find symbol
  symbol:   method getUser()
  location: variable resume of type com.jobtracker.model.Resume
[ERROR] /C:/Users/hhars/Desktop/Job simulator/backend/src/main/java/com/jobtracker/service/ResumeService.java:[87,23] cannot find symbol
  symbol:   method getId()
  location: variable resume of type com.jobtracker.model.Resume
[ERROR] /C:/Users/hhars/Desktop/Job simulator/backend/src/main/java/com/jobtracker/service/AuthService.java:[35,21] cannot find symbol
  symbol:   method getEmail()
  location: variable user of type com.jobtracker.model.User
[ERROR] /C:/Users/hhars/Desktop/Job simulator/backend/src/main/java/com/jobtracker/service/AuthService.java:[35,38] cannot find symbol
  symbol:   method getPassword()
  location: variable user of type com.jobtracker.model.User
[ERROR] /C:/Users/hhars/Desktop/Job simulator/backend/src/main/java/com/jobtracker/service/AuthService.java:[39,49] cannot find symbol
  symbol:   method getEmail()
  location: variable request of type com.jobtracker.dto.RegisterRequest
[ERROR] /C:/Users/hhars/Desktop/Job simulator/backend/src/main/java/com/jobtracker/service/AuthService.java:[44,29] cannot find symbol
  symbol:   method getName()
  location: variable request of type com.jobtracker.dto.RegisterRequest
[ERROR] /C:/Users/hhars/Desktop/Job simulator/backend/src/main/java/com/jobtracker/service/AuthService.java:[45,30] cannot find symbol
  symbol:   method getEmail()
  location: variable request of type com.jobtracker.dto.RegisterRequest
[ERROR] /C:/Users/hhars/Desktop/Job simulator/backend/src/main/java/com/jobtracker/service/AuthService.java:[46,56] cannot find symbol
  symbol:   method getPassword()
  location: variable request of type com.jobtracker.dto.RegisterRequest
[ERROR] /C:/Users/hhars/Desktop/Job simulator/backend/src/main/java/com/jobtracker/service/AuthService.java:[49,55] cannot find symbol
  symbol:   method getEmail()
  location: variable savedUser of type com.jobtracker.model.User
[ERROR] /C:/Users/hhars/Desktop/Job simulator/backend/src/main/java/com/jobtracker/service/AuthService.java:[51,92] cannot find symbol
  symbol:   method getId()
  location: variable savedUser of type com.jobtracker.model.User
[ERROR] /C:/Users/hhars/Desktop/Job simulator/backend/src/main/java/com/jobtracker/service/AuthService.java:[51,71] cannot find symbol
  symbol:   method getName()
  location: variable savedUser of type com.jobtracker.model.User
[ERROR] /C:/Users/hhars/Desktop/Job simulator/backend/src/main/java/com/jobtracker/service/AuthService.java:[51,49] cannot find symbol
  symbol:   method getEmail()
  location: variable savedUser of type com.jobtracker.model.User
[ERROR] /C:/Users/hhars/Desktop/Job simulator/backend/src/main/java/com/jobtracker/service/AuthService.java:[55,55] cannot find symbol
  symbol:   method getEmail()
  location: variable request of type com.jobtracker.dto.AuthRequest
[ERROR] /C:/Users/hhars/Desktop/Job simulator/backend/src/main/java/com/jobtracker/service/AuthService.java:[58,45] cannot find symbol
  symbol:   method getPassword()
  location: variable request of type com.jobtracker.dto.AuthRequest
[ERROR] /C:/Users/hhars/Desktop/Job simulator/backend/src/main/java/com/jobtracker/service/AuthService.java:[58,65] cannot find symbol
  symbol:   method getPassword()
  location: variable user of type com.jobtracker.model.User
[ERROR] /C:/Users/hhars/Desktop/Job simulator/backend/src/main/java/com/jobtracker/service/AuthService.java:[62,50] cannot find symbol
  symbol:   method getEmail()
  location: variable user of type com.jobtracker.model.User
[ERROR] /C:/Users/hhars/Desktop/Job simulator/backend/src/main/java/com/jobtracker/service/AuthService.java:[63,77] cannot find symbol
  symbol:   method getId()
  location: variable user of type com.jobtracker.model.User
[ERROR] /C:/Users/hhars/Desktop/Job simulator/backend/src/main/java/com/jobtracker/service/AuthService.java:[63,61] cannot find symbol
  symbol:   method getName()
  location: variable user of type com.jobtracker.model.User
[ERROR] /C:/Users/hhars/Desktop/Job simulator/backend/src/main/java/com/jobtracker/service/AuthService.java:[63,44] cannot find symbol
  symbol:   method getEmail()
  location: variable user of type com.jobtracker.model.User
[ERROR] /C:/Users/hhars/Desktop/Job simulator/backend/src/main/java/com/jobtracker/service/AIService.java:[34,59] cannot find symbol
  symbol:   method getId()
  location: variable user of type com.jobtracker.model.User
[ERROR] /C:/Users/hhars/Desktop/Job simulator/backend/src/main/java/com/jobtracker/service/AIService.java:[41,68] cannot find symbol
  symbol:   method getFilePath()
  location: variable resume of type com.jobtracker.model.Resume
[ERROR] /C:/Users/hhars/Desktop/Job simulator/backend/src/main/java/com/jobtracker/service/AIService.java:[53,58] cannot find symbol
  symbol:   method getId()
  location: variable resume of type com.jobtracker.model.Resume
[ERROR] /C:/Users/hhars/Desktop/Job simulator/backend/src/main/java/com/jobtracker/service/AIService.java:[63,59] cannot find symbol
  symbol:   method getId()
  location: variable user of type com.jobtracker.model.User
[ERROR] /C:/Users/hhars/Desktop/Job simulator/backend/src/main/java/com/jobtracker/service/AIService.java:[70,68] cannot find symbol
  symbol:   method getFilePath()
  location: variable resume of type com.jobtracker.model.Resume
[ERROR] /C:/Users/hhars/Desktop/Job simulator/backend/src/main/java/com/jobtracker/service/JobService.java:[27,12] cannot find symbol
  symbol:   method setUser(com.jobtracker.model.User)
  location: variable job of type com.jobtracker.model.JobApplication
[ERROR] /C:/Users/hhars/Desktop/Job simulator/backend/src/main/java/com/jobtracker/service/JobService.java:[28,31] cannot find symbol
  symbol:   method getCompany()
  location: variable request of type com.jobtracker.dto.JobApplicationRequest
[ERROR] /C:/Users/hhars/Desktop/Job simulator/backend/src/main/java/com/jobtracker/service/JobService.java:[29,28] cannot find symbol
  symbol:   method getRole()
  location: variable request of type com.jobtracker.dto.JobApplicationRequest
[ERROR] /C:/Users/hhars/Desktop/Job simulator/backend/src/main/java/com/jobtracker/service/JobService.java:[30,30] cannot find symbol
  symbol:   method getStatus()
  location: variable request of type com.jobtracker.dto.JobApplicationRequest
[ERROR] /C:/Users/hhars/Desktop/Job simulator/backend/src/main/java/com/jobtracker/service/JobService.java:[31,39] cannot find symbol
  symbol:   method getApplicationDate()
  location: variable request of type com.jobtracker.dto.JobApplicationRequest
[ERROR] /C:/Users/hhars/Desktop/Job simulator/backend/src/main/java/com/jobtracker/service/JobService.java:[32,37] cannot find symbol
  symbol:   method getInterviewDate()
  location: variable request of type com.jobtracker.dto.JobApplicationRequest
[ERROR] /C:/Users/hhars/Desktop/Job simulator/backend/src/main/java/com/jobtracker/service/JobService.java:[33,29] cannot find symbol
  symbol:   method getNotes()
  location: variable request of type com.jobtracker.dto.JobApplicationRequest
[ERROR] /C:/Users/hhars/Desktop/Job simulator/backend/src/main/java/com/jobtracker/service/JobService.java:[41,47] cannot find symbol
  symbol:   method getId()
  location: variable user of type com.jobtracker.model.User
[ERROR] /C:/Users/hhars/Desktop/Job simulator/backend/src/main/java/com/jobtracker/service/JobService.java:[49,70] cannot find symbol
  symbol:   method getId()
  location: variable user of type com.jobtracker.model.User
[ERROR] /C:/Users/hhars/Desktop/Job simulator/backend/src/main/java/com/jobtracker/service/JobService.java:[52,31] cannot find symbol
  symbol:   method getCompany()
  location: variable request of type com.jobtracker.dto.JobApplicationRequest
[ERROR] /C:/Users/hhars/Desktop/Job simulator/backend/src/main/java/com/jobtracker/service/JobService.java:[53,28] cannot find symbol
  symbol:   method getRole()
  location: variable request of type com.jobtracker.dto.JobApplicationRequest
[ERROR] /C:/Users/hhars/Desktop/Job simulator/backend/src/main/java/com/jobtracker/service/JobService.java:[54,30] cannot find symbol
  symbol:   method getStatus()
  location: variable request of type com.jobtracker.dto.JobApplicationRequest
[ERROR] /C:/Users/hhars/Desktop/Job simulator/backend/src/main/java/com/jobtracker/service/JobService.java:[55,39] cannot find symbol
  symbol:   method getApplicationDate()
  location: variable request of type com.jobtracker.dto.JobApplicationRequest
[ERROR] /C:/Users/hhars/Desktop/Job simulator/backend/src/main/java/com/jobtracker/service/JobService.java:[56,37] cannot find symbol
  symbol:   method getInterviewDate()
  location: variable request of type com.jobtracker.dto.JobApplicationRequest
[ERROR] /C:/Users/hhars/Desktop/Job simulator/backend/src/main/java/com/jobtracker/service/JobService.java:[57,29] cannot find symbol
  symbol:   method getNotes()
  location: variable request of type com.jobtracker.dto.JobApplicationRequest
[ERROR] /C:/Users/hhars/Desktop/Job simulator/backend/src/main/java/com/jobtracker/service/JobService.java:[64,70] cannot find symbol
  symbol:   method getId()
  location: variable user of type com.jobtracker.model.User
[ERROR] /C:/Users/hhars/Desktop/Job simulator/backend/src/main/java/com/jobtracker/service/JobService.java:[71,27] cannot find symbol
  symbol:   method getId()
  location: variable user of type com.jobtracker.model.User
[ERROR] /C:/Users/hhars/Desktop/Job simulator/backend/src/main/java/com/jobtracker/service/JobService.java:[80,16] constructor DashboardStats in class com.jobtracker.dto.DashboardStats cannot be applied to given types;
  required: no arguments
  found:    long,long,long,long,long,double
  reason: actual and formal argument lists differ in length
[ERROR] /C:/Users/hhars/Desktop/Job simulator/backend/src/main/java/com/jobtracker/service/JobService.java:[92,20] cannot find symbol
  symbol:   method getUser()
  location: variable job of type com.jobtracker.model.JobApplication
[ERROR] /C:/Users/hhars/Desktop/Job simulator/backend/src/main/java/com/jobtracker/service/JobService.java:[91,20] cannot find symbol
  symbol:   method getNotes()
  location: variable job of type com.jobtracker.model.JobApplication
[ERROR] /C:/Users/hhars/Desktop/Job simulator/backend/src/main/java/com/jobtracker/service/JobService.java:[90,20] cannot find symbol
  symbol:   method getInterviewDate()
  location: variable job of type com.jobtracker.model.JobApplication
[ERROR] /C:/Users/hhars/Desktop/Job simulator/backend/src/main/java/com/jobtracker/service/JobService.java:[89,20] cannot find symbol
  symbol:   method getApplicationDate()
  location: variable job of type com.jobtracker.model.JobApplication
[ERROR] /C:/Users/hhars/Desktop/Job simulator/backend/src/main/java/com/jobtracker/service/JobService.java:[88,20] cannot find symbol
  symbol:   method getStatus()
  location: variable job of type com.jobtracker.model.JobApplication
[ERROR] /C:/Users/hhars/Desktop/Job simulator/backend/src/main/java/com/jobtracker/service/JobService.java:[87,20] cannot find symbol
  symbol:   method getRole()
  location: variable job of type com.jobtracker.model.JobApplication
[ERROR] /C:/Users/hhars/Desktop/Job simulator/backend/src/main/java/com/jobtracker/service/JobService.java:[86,20] cannot find symbol
  symbol:   method getCompany()
  location: variable job of type com.jobtracker.model.JobApplication
[ERROR] /C:/Users/hhars/Desktop/Job simulator/backend/src/main/java/com/jobtracker/service/JobService.java:[85,20] cannot find symbol
  symbol:   method getId()
  location: variable job of type com.jobtracker.model.JobApplication
[INFO] 58 errors 
[INFO] -------------------------------------------------------------
[INFO] ------------------------------------------------------------------------
[INFO] BUILD FAILURE
[INFO] ------------------------------------------------------------------------
[INFO] Total time:  5.775 s
[INFO] Finished at: 2026-03-06T23:28:05+05:30
[INFO] ------------------------------------------------------------------------
[ERROR] Failed to execute goal org.apache.maven.plugins:maven-compiler-plugin:3.11.0:compile (default-compile) on project job-tracker-backend: Compilation failure: Compilation failure: 
[ERROR] /C:/Users/hhars/Desktop/Job simulator/backend/src/main/java/com/jobtracker/service/ResumeService.java:[57,15] cannot find symbol
[ERROR]   symbol:   method setUser(com.jobtracker.model.User)
[ERROR]   location: variable resume of type com.jobtracker.model.Resume
[ERROR] /C:/Users/hhars/Desktop/Job simulator/backend/src/main/java/com/jobtracker/service/ResumeService.java:[58,15] cannot find symbol
[ERROR]   symbol:   method setFilePath(java.lang.String)
[ERROR]   location: variable resume of type com.jobtracker.model.Resume
[ERROR] /C:/Users/hhars/Desktop/Job simulator/backend/src/main/java/com/jobtracker/service/ResumeService.java:[59,15] cannot find symbol
[ERROR]   symbol:   method setOriginalFilename(java.lang.String)
[ERROR]   location: variable resume of type com.jobtracker.model.Resume
[ERROR] /C:/Users/hhars/Desktop/Job simulator/backend/src/main/java/com/jobtracker/service/ResumeService.java:[67,50] cannot find symbol
[ERROR]   symbol:   method getId()
[ERROR]   location: variable user of type com.jobtracker.model.User
[ERROR] /C:/Users/hhars/Desktop/Job simulator/backend/src/main/java/com/jobtracker/service/ResumeService.java:[81,15] cannot find symbol
[ERROR]   symbol:   method setAnalysisResult(java.lang.String)
[ERROR]   location: variable resume of type com.jobtracker.model.Resume
[ERROR] /C:/Users/hhars/Desktop/Job simulator/backend/src/main/java/com/jobtracker/service/ResumeService.java:[91,23] cannot find symbol
[ERROR]   symbol:   method getAnalysisResult()
[ERROR]   location: variable resume of type com.jobtracker.model.Resume
[ERROR] /C:/Users/hhars/Desktop/Job simulator/backend/src/main/java/com/jobtracker/service/ResumeService.java:[90,23] cannot find symbol
[ERROR]   symbol:   method getUploadDate()
[ERROR]   location: variable resume of type com.jobtracker.model.Resume
[ERROR] /C:/Users/hhars/Desktop/Job simulator/backend/src/main/java/com/jobtracker/service/ResumeService.java:[89,23] cannot find symbol
[ERROR]   symbol:   method getOriginalFilename()
[ERROR]   location: variable resume of type com.jobtracker.model.Resume
[ERROR] /C:/Users/hhars/Desktop/Job simulator/backend/src/main/java/com/jobtracker/service/ResumeService.java:[88,23] cannot find symbol
[ERROR]   symbol:   method getUser()
[ERROR]   location: variable resume of type com.jobtracker.model.Resume
[ERROR] /C:/Users/hhars/Desktop/Job simulator/backend/src/main/java/com/jobtracker/service/ResumeService.java:[87,23] cannot find symbol
[ERROR]   symbol:   method getId()
[ERROR]   location: variable resume of type com.jobtracker.model.Resume
[ERROR] /C:/Users/hhars/Desktop/Job simulator/backend/src/main/java/com/jobtracker/service/AuthService.java:[35,21] cannot find symbol
[ERROR]   symbol:   method getEmail()
[ERROR]   location: variable user of type com.jobtracker.model.User
[ERROR] /C:/Users/hhars/Desktop/Job simulator/backend/src/main/java/com/jobtracker/service/AuthService.java:[35,38] cannot find symbol
[ERROR]   symbol:   method getPassword()
[ERROR]   location: variable user of type com.jobtracker.model.User
[ERROR] /C:/Users/hhars/Desktop/Job simulator/backend/src/main/java/com/jobtracker/service/AuthService.java:[39,49] cannot find symbol
[ERROR]   symbol:   method getEmail()
[ERROR]   location: variable request of type com.jobtracker.dto.RegisterRequest
[ERROR] /C:/Users/hhars/Desktop/Job simulator/backend/src/main/java/com/jobtracker/service/AuthService.java:[44,29] cannot find symbol
[ERROR]   symbol:   method getName()
[ERROR]   location: variable request of type com.jobtracker.dto.RegisterRequest
[ERROR] /C:/Users/hhars/Desktop/Job simulator/backend/src/main/java/com/jobtracker/service/AuthService.java:[45,30] cannot find symbol
[ERROR]   symbol:   method getEmail()
[ERROR]   location: variable request of type com.jobtracker.dto.RegisterRequest
[ERROR] /C:/Users/hhars/Desktop/Job simulator/backend/src/main/java/com/jobtracker/service/AuthService.java:[46,56] cannot find symbol
[ERROR]   symbol:   method getPassword()
[ERROR]   location: variable request of type com.jobtracker.dto.RegisterRequest
[ERROR] /C:/Users/hhars/Desktop/Job simulator/backend/src/main/java/com/jobtracker/service/AuthService.java:[49,55] cannot find symbol
[ERROR]   symbol:   method getEmail()
[ERROR]   location: variable savedUser of type com.jobtracker.model.User
[ERROR] /C:/Users/hhars/Desktop/Job simulator/backend/src/main/java/com/jobtracker/service/AuthService.java:[51,92] cannot find symbol
[ERROR]   symbol:   method getId()
[ERROR]   location: variable savedUser of type com.jobtracker.model.User
[ERROR] /C:/Users/hhars/Desktop/Job simulator/backend/src/main/java/com/jobtracker/service/AuthService.java:[51,71] cannot find symbol
[ERROR]   symbol:   method getName()
[ERROR]   location: variable savedUser of type com.jobtracker.model.User
[ERROR] /C:/Users/hhars/Desktop/Job simulator/backend/src/main/java/com/jobtracker/service/AuthService.java:[51,49] cannot find symbol
[ERROR]   symbol:   method getEmail()
[ERROR]   location: variable savedUser of type com.jobtracker.model.User
[ERROR] /C:/Users/hhars/Desktop/Job simulator/backend/src/main/java/com/jobtracker/service/AuthService.java:[55,55] cannot find symbol
[ERROR]   symbol:   method getEmail()
[ERROR]   location: variable request of type com.jobtracker.dto.AuthRequest
[ERROR] /C:/Users/hhars/Desktop/Job simulator/backend/src/main/java/com/jobtracker/service/AuthService.java:[58,45] cannot find symbol
[ERROR]   symbol:   method getPassword()
[ERROR]   location: variable request of type com.jobtracker.dto.AuthRequest
[ERROR] /C:/Users/hhars/Desktop/Job simulator/backend/src/main/java/com/jobtracker/service/AuthService.java:[58,65] cannot find symbol
[ERROR]   symbol:   method getPassword()
[ERROR]   location: variable user of type com.jobtracker.model.User
[ERROR] /C:/Users/hhars/Desktop/Job simulator/backend/src/main/java/com/jobtracker/service/AuthService.java:[62,50] cannot find symbol
[ERROR]   symbol:   method getEmail()
[ERROR]   location: variable user of type com.jobtracker.model.User
[ERROR] /C:/Users/hhars/Desktop/Job simulator/backend/src/main/java/com/jobtracker/service/AuthService.java:[63,77] cannot find symbol
[ERROR]   symbol:   method getId()
[ERROR]   location: variable user of type com.jobtracker.model.User
[ERROR] /C:/Users/hhars/Desktop/Job simulator/backend/src/main/java/com/jobtracker/service/AuthService.java:[63,61] cannot find symbol
[ERROR]   symbol:   method getName()
[ERROR]   location: variable user of type com.jobtracker.model.User
[ERROR] /C:/Users/hhars/Desktop/Job simulator/backend/src/main/java/com/jobtracker/service/AuthService.java:[63,44] cannot find symbol
[ERROR]   symbol:   method getEmail()
[ERROR]   location: variable user of type com.jobtracker.model.User
[ERROR] /C:/Users/hhars/Desktop/Job simulator/backend/src/main/java/com/jobtracker/service/AIService.java:[34,59] cannot find symbol
[ERROR]   symbol:   method getId()
[ERROR]   location: variable user of type com.jobtracker.model.User
[ERROR] /C:/Users/hhars/Desktop/Job simulator/backend/src/main/java/com/jobtracker/service/AIService.java:[41,68] cannot find symbol
[ERROR]   symbol:   method getFilePath()
[ERROR]   location: variable resume of type com.jobtracker.model.Resume
[ERROR] /C:/Users/hhars/Desktop/Job simulator/backend/src/main/java/com/jobtracker/service/AIService.java:[53,58] cannot find symbol
[ERROR]   symbol:   method getId()
[ERROR]   location: variable resume of type com.jobtracker.model.Resume
[ERROR] /C:/Users/hhars/Desktop/Job simulator/backend/src/main/java/com/jobtracker/service/AIService.java:[63,59] cannot find symbol
[ERROR]   symbol:   method getId()
[ERROR]   location: variable user of type com.jobtracker.model.User
[ERROR] /C:/Users/hhars/Desktop/Job simulator/backend/src/main/java/com/jobtracker/service/AIService.java:[70,68] cannot find symbol
[ERROR]   symbol:   method getFilePath()
[ERROR]   location: variable resume of type com.jobtracker.model.Resume
[ERROR] /C:/Users/hhars/Desktop/Job simulator/backend/src/main/java/com/jobtracker/service/JobService.java:[27,12] cannot find symbol
[ERROR]   symbol:   method setUser(com.jobtracker.model.User)
[ERROR]   location: variable job of type com.jobtracker.model.JobApplication
[ERROR] /C:/Users/hhars/Desktop/Job simulator/backend/src/main/java/com/jobtracker/service/JobService.java:[28,31] cannot find symbol
[ERROR]   symbol:   method getCompany()
[ERROR]   location: variable request of type com.jobtracker.dto.JobApplicationRequest
[ERROR] /C:/Users/hhars/Desktop/Job simulator/backend/src/main/java/com/jobtracker/service/JobService.java:[29,28] cannot find symbol
[ERROR]   symbol:   method getRole()
[ERROR]   location: variable request of type com.jobtracker.dto.JobApplicationRequest
[ERROR] /C:/Users/hhars/Desktop/Job simulator/backend/src/main/java/com/jobtracker/service/JobService.java:[30,30] cannot find symbol
[ERROR]   symbol:   method getStatus()
[ERROR]   location: variable request of type com.jobtracker.dto.JobApplicationRequest
[ERROR] /C:/Users/hhars/Desktop/Job simulator/backend/src/main/java/com/jobtracker/service/JobService.java:[31,39] cannot find symbol
[ERROR]   symbol:   method getApplicationDate()
[ERROR]   location: variable request of type com.jobtracker.dto.JobApplicationRequest
[ERROR] /C:/Users/hhars/Desktop/Job simulator/backend/src/main/java/com/jobtracker/service/JobService.java:[32,37] cannot find symbol
[ERROR]   symbol:   method getInterviewDate()
[ERROR]   location: variable request of type com.jobtracker.dto.JobApplicationRequest
[ERROR] /C:/Users/hhars/Desktop/Job simulator/backend/src/main/java/com/jobtracker/service/JobService.java:[33,29] cannot find symbol
[ERROR]   symbol:   method getNotes()
[ERROR]   location: variable request of type com.jobtracker.dto.JobApplicationRequest
[ERROR] /C:/Users/hhars/Desktop/Job simulator/backend/src/main/java/com/jobtracker/service/JobService.java:[41,47] cannot find symbol
[ERROR]   symbol:   method getId()
[ERROR]   location: variable user of type com.jobtracker.model.User
[ERROR] /C:/Users/hhars/Desktop/Job simulator/backend/src/main/java/com/jobtracker/service/JobService.java:[49,70] cannot find symbol
[ERROR]   symbol:   method getId()
[ERROR]   location: variable user of type com.jobtracker.model.User
[ERROR] /C:/Users/hhars/Desktop/Job simulator/backend/src/main/java/com/jobtracker/service/JobService.java:[52,31] cannot find symbol
[ERROR]   symbol:   method getCompany()
[ERROR]   location: variable request of type com.jobtracker.dto.JobApplicationRequest
[ERROR] /C:/Users/hhars/Desktop/Job simulator/backend/src/main/java/com/jobtracker/service/JobService.java:[53,28] cannot find symbol
[ERROR]   symbol:   method getRole()
[ERROR]   location: variable request of type com.jobtracker.dto.JobApplicationRequest
[ERROR] /C:/Users/hhars/Desktop/Job simulator/backend/src/main/java/com/jobtracker/service/JobService.java:[54,30] cannot find symbol
[ERROR]   symbol:   method getStatus()
[ERROR]   location: variable request of type com.jobtracker.dto.JobApplicationRequest
[ERROR] /C:/Users/hhars/Desktop/Job simulator/backend/src/main/java/com/jobtracker/service/JobService.java:[55,39] cannot find symbol
[ERROR]   symbol:   method getApplicationDate()
[ERROR]   location: variable request of type com.jobtracker.dto.JobApplicationRequest
[ERROR] /C:/Users/hhars/Desktop/Job simulator/backend/src/main/java/com/jobtracker/service/JobService.java:[56,37] cannot find symbol
[ERROR]   symbol:   method getInterviewDate()
[ERROR]   location: variable request of type com.jobtracker.dto.JobApplicationRequest
[ERROR] /C:/Users/hhars/Desktop/Job simulator/backend/src/main/java/com/jobtracker/service/JobService.java:[57,29] cannot find symbol
[ERROR]   symbol:   method getNotes()
[ERROR]   location: variable request of type com.jobtracker.dto.JobApplicationRequest
[ERROR] /C:/Users/hhars/Desktop/Job simulator/backend/src/main/java/com/jobtracker/service/JobService.java:[64,70] cannot find symbol
[ERROR]   symbol:   method getId()
[ERROR]   location: variable user of type com.jobtracker.model.User
[ERROR] /C:/Users/hhars/Desktop/Job simulator/backend/src/main/java/com/jobtracker/service/JobService.java:[71,27] cannot find symbol
[ERROR]   symbol:   method getId()
[ERROR]   location: variable user of type com.jobtracker.model.User
[ERROR] /C:/Users/hhars/Desktop/Job simulator/backend/src/main/java/com/jobtracker/service/JobService.java:[80,16] constructor DashboardStats in class com.jobtracker.dto.DashboardStats cannot be applied to given types;
[ERROR]   required: no arguments
[ERROR]   found:    long,long,long,long,long,double
[ERROR]   reason: actual and formal argument lists differ in length
[ERROR] /C:/Users/hhars/Desktop/Job simulator/backend/src/main/java/com/jobtracker/service/JobService.java:[92,20] cannot find symbol
[ERROR]   symbol:   method getUser()
[ERROR]   location: variable job of type com.jobtracker.model.JobApplication
[ERROR] /C:/Users/hhars/Desktop/Job simulator/backend/src/main/java/com/jobtracker/service/JobService.java:[91,20] cannot find symbol
[ERROR]   symbol:   method getNotes()
[ERROR]   location: variable job of type com.jobtracker.model.JobApplication
[ERROR] /C:/Users/hhars/Desktop/Job simulator/backend/src/main/java/com/jobtracker/service/JobService.java:[90,20] cannot find symbol
[ERROR]   symbol:   method getInterviewDate()
[ERROR]   location: variable job of type com.jobtracker.model.JobApplication
[ERROR] /C:/Users/hhars/Desktop/Job simulator/backend/src/main/java/com/jobtracker/service/JobService.java:[89,20] cannot find symbol
[ERROR]   symbol:   method getApplicationDate()
[ERROR]   location: variable job of type com.jobtracker.model.JobApplication
[ERROR] /C:/Users/hhars/Desktop/Job simulator/backend/src/main/java/com/jobtracker/service/JobService.java:[88,20] cannot find symbol
[ERROR]   symbol:   method getStatus()
[ERROR]   location: variable job of type com.jobtracker.model.JobApplication
[ERROR] /C:/Users/hhars/Desktop/Job simulator/backend/src/main/java/com/jobtracker/service/JobService.java:[87,20] cannot find symbol
[ERROR]   symbol:   method getRole()
[ERROR]   location: variable job of type com.jobtracker.model.JobApplication
[ERROR] /C:/Users/hhars/Desktop/Job simulator/backend/src/main/java/com/jobtracker/service/JobService.java:[86,20] cannot find symbol
[ERROR]   symbol:   method getCompany()
[ERROR]   location: variable job of type com.jobtracker.model.JobApplication
[ERROR] /C:/Users/hhars/Desktop/Job simulator/backend/src/main/java/com/jobtracker/service/JobService.java:[85,20] cannot find symbol
[ERROR]   symbol:   method getId()
[ERROR]   location: variable job of type com.jobtracker.model.JobApplication
[ERROR] -> [Help 1]
[ERROR] 
[ERROR] To see the full stack trace of the errors, re-run Maven with the -e switch.
[ERROR] Re-run Maven using the -X switch to enable full debug logging.
[ERROR] 
[ERROR] For more information about the errors and possible solutions, please read the following articles:
[ERROR] [Help 1] http://cwiki.apache.org/confluence/display/MAVEN/MojoFailureException
